{"logTime": "0803/183016", "correlationVector":"LbQtPylI/YC7QmkT0iqHGH.1","action":"SyncServerConnectionManagerRequest", "result":"SYNC_SERVER_OK", "context":{"environment":"Prod_eastus2_prod-s01-050-nam-eastus2", "migrationStage":"NotStarted", "server":"akswtt11600002m"}}
{"logTime": "0803/183016", "correlationVector":"LbQtPylI/YC7QmkT0iqHGH.2","action":"ProcessGetUpdates", "result":"Done", "context":{"dataType":"Encryption Keys", "deleted":"0", "process_failed_to_decrypt":"0", "process_pending_decryption":"0", "process_success":"1", "total":"1"}}
{"logTime": "0803/183016", "correlationVector":"6WmuiRQC+GKhR2Y+BykfD5","action":"SyncServerConnectionManagerRequest", "result":"SYNC_SERVER_OK", "context":{"environment":"", "migrationStage":"", "server":""}}
{"logTime": "0803/183016", "correlationVector":"6WmuiRQC+GKhR2Y+BykfD5.0","action":"EncryptionKeysFetcher.DownloadKeys:", "result":"Success", "context":Key count: 4, Last key timestamp: 2026-04-06T04:49:12Z}
{"logTime": "0803/183016", "correlationVector":"6WmuiRQC+GKhR2Y+BykfD5.1","action":"EncryptionKeysManager::SetEncryptionKeys:", "result":"Success", "context":Key names[4]:[WlPI7jme4socEoxv69ivXBiASejPONVYqNoH22QuFeFJewIw7A8WVsECWKwIkNpe7zs09u/b5jaBGk8AObqpDw==][bFRteqdpnwr5Pjzh3UhixjVhTYZrs0+o04xfVXyE51QytZG2DT0Eju1sFF1FbE8BHoTfPkAJQzfsMbJCTAHzAg==][IpB9zpXi0RHB8N20UoQ1OY+IQ0ph7SV3N69FSlK4dkVT/F7HPCCsy8BFEOB8ToQ5HJCXTKJuSB11gHUrcKPPmQ==][9FcnA2aswFsKdndZLxZRP5fooDBJGGFxhUuW++gCTw8Tk/a2R4BIj7HQkoRnQi/jxOXlY6y8XdWOGg2syN+EbQ==]}
{"logTime": "0803/183016", "correlationVector":"6WmuiRQC+GKhR2Y+BykfD5.2","action":"EncryptionKeysManager::SetEncryptionKeysWithTimestamps:", "result":"Success", "context":Key timestamps[4]:[2023-10-27T01:59:38Z][2024-04-25T06:50:47Z][2025-09-12T16:53:54Z][2026-04-06T04:49:12Z]}
{"logTime": "0803/183016", "correlationVector":"LbQtPylI/YC7QmkT0iqHGH","action":"Initial GetUpdates", "result":"", "context":Reason: NEW_CLIENT. cV=LbQtPylI/YC7QmkT0iqHGH}
{"logTime": "0803/183016", "correlationVector":"LbQtPylI/YC7QmkT0iqHGH.3","action":"GetUpdates Response", "result":"Success", "context":Received 1 update(s). cV=LbQtPylI/YC7QmkT0iqHGH.0;server=akswtt11600002m;cloudType=Consumer;environment=Prod_eastus2_prod-s01-050-nam-eastus2;migrationStage=NotStarted}
{"logTime": "0803/183016", "correlationVector":"BO7Aogej+IrquTSSXstMTu","action":"Initial GetUpdates", "result":"", "context":Reason: NEWLY_SUPPORTED_DATATYPE. cV=BO7Aogej+IrquTSSXstMTu}
{"logTime": "0803/183017", "correlationVector":"BO7Aogej+IrquTSSXstMTu.1","action":"SyncServerConnectionManagerRequest", "result":"SYNC_SERVER_OK", "context":{"environment":"Prod_eastus2_prod-s01-050-nam-eastus2", "migrationStage":"NotStarted", "server":"akswtt11600002c"}}
{"logTime": "0803/183017", "correlationVector":"BO7Aogej+IrquTSSXstMTu.2","action":"ProcessGetUpdates", "result":"Done", "context":{"dataType":"Passwords", "deleted":"8", "process_failed_to_decrypt":"0", "process_pending_decryption":"0", "process_success":"83", "total":"83"}}
{"logTime": "0803/183017", "correlationVector":"BO7Aogej+IrquTSSXstMTu.3","action":"ProcessGetUpdates", "result":"Done", "context":{"dataType":"Device Info", "deleted":"0", "process_failed_to_decrypt":"0", "process_pending_decryption":"0", "process_success":"2", "total":"2"}}
{"logTime": "0803/183017", "correlationVector":"BO7Aogej+IrquTSSXstMTu.4","action":"GetUpdates Response", "result":"Success", "context":Received 85 update(s). cV=BO7Aogej+IrquTSSXstMTu.0;server=akswtt11600002c;cloudType=Consumer;environment=Prod_eastus2_prod-s01-050-nam-eastus2;migrationStage=NotStarted}
{"logTime": "0803/183017", "correlationVector":"WrleJm9geftteSMKT1pZ5K","action":"Initial GetUpdates", "result":"", "context":Reason: NEWLY_SUPPORTED_DATATYPE. cV=WrleJm9geftteSMKT1pZ5K}
{"logTime": "0803/183018", "correlationVector":"WrleJm9geftteSMKT1pZ5K.1","action":"SyncServerConnectionManagerRequest", "result":"SYNC_SERVER_OK", "context":{"environment":"Prod_eastus2_prod-s01-050-nam-eastus2", "migrationStage":"NotStarted", "server":"akswtt116000002"}}
{"logTime": "0803/183018", "correlationVector":"WrleJm9geftteSMKT1pZ5K.2","action":"ProcessGetUpdates", "result":"Done", "context":{"dataType":"Bookmarks", "deleted":"2", "process_failed_to_decrypt":"0", "process_pending_decryption":"0", "process_success":"45", "total":"45"}}
{"logTime": "0803/183018", "correlationVector":"WrleJm9geftteSMKT1pZ5K.3","action":"ProcessGetUpdates", "result":"Done", "context":{"dataType":"Preferences", "deleted":"0", "process_failed_to_decrypt":"0", "process_pending_decryption":"0", "process_success":"54", "total":"54"}}
{"logTime": "0803/183018", "correlationVector":"WrleJm9geftteSMKT1pZ5K.4","action":"ProcessGetUpdates", "result":"Done", "context":{"dataType":"Autofill", "deleted":"0", "process_failed_to_decrypt":"0", "process_pending_decryption":"0", "process_success":"151", "total":"151"}}
{"logTime": "0803/183018", "correlationVector":"WrleJm9geftteSMKT1pZ5K.5","action":"GetUpdates Response", "result":"Success", "context":Received 250 update(s). cV=WrleJm9geftteSMKT1pZ5K.0;server=akswtt116000002;cloudType=Consumer;environment=Prod_eastus2_prod-s01-050-nam-eastus2;migrationStage=NotStarted Some updates remain.}
{"logTime": "0803/183018", "correlationVector":"/tQIpIi5TSwWfn47ACaNE2","action":"Initial GetUpdates", "result":"", "context":Reason: NEWLY_SUPPORTED_DATATYPE. cV=/tQIpIi5TSwWfn47ACaNE2}
{"logTime": "0803/183018", "correlationVector":"/tQIpIi5TSwWfn47ACaNE2.1","action":"SyncServerConnectionManagerRequest", "result":"SYNC_SERVER_OK", "context":{"environment":"Prod_eastus2_prod-s01-050-nam-eastus2", "migrationStage":"NotStarted", "server":"akswtt11600001w"}}
{"logTime": "0803/183018", "correlationVector":"/tQIpIi5TSwWfn47ACaNE2.2","action":"ProcessGetUpdates", "result":"Done", "context":{"dataType":"Bookmarks", "deleted":"2", "process_failed_to_decrypt":"0", "process_pending_decryption":"0", "process_success":"60", "total":"60"}}
{"logTime": "0803/183018", "correlationVector":"/tQIpIi5TSwWfn47ACaNE2.3","action":"ProcessGetUpdates", "result":"Done", "context":{"dataType":"Preferences", "deleted":"0", "process_failed_to_decrypt":"0", "process_pending_decryption":"0", "process_success":"11", "total":"11"}}
{"logTime": "0803/183018", "correlationVector":"/tQIpIi5TSwWfn47ACaNE2.4","action":"ProcessGetUpdates", "result":"Done", "context":{"dataType":"Autofill Profiles", "deleted":"0", "process_failed_to_decrypt":"0", "process_pending_decryption":"0", "process_success":"3", "total":"3"}}
{"logTime": "0803/183018", "correlationVector":"/tQIpIi5TSwWfn47ACaNE2.5","action":"ProcessGetUpdates", "result":"Done", "context":{"dataType":"Autofill", "deleted":"0", "process_failed_to_decrypt":"0", "process_pending_decryption":"0", "process_success":"174", "total":"174"}}
{"logTime": "0803/183018", "correlationVector":"/tQIpIi5TSwWfn47ACaNE2.6","action":"ProcessGetUpdates", "result":"Done", "context":{"dataType":"Web Apps", "deleted":"0", "process_failed_to_decrypt":"0", "process_pending_decryption":"0", "process_success":"2", "total":"2"}}
{"logTime": "0803/183018", "correlationVector":"/tQIpIi5TSwWfn47ACaNE2.7","action":"GetUpdates Response", "result":"Success", "context":Received 250 update(s). cV=/tQIpIi5TSwWfn47ACaNE2.0;server=akswtt11600001w;cloudType=Consumer;environment=Prod_eastus2_prod-s01-050-nam-eastus2;migrationStage=NotStarted Some updates remain.}
{"logTime": "0803/183018", "correlationVector":"lHvvxcgcXyyNpGLdaEN8mX","action":"Initial GetUpdates", "result":"", "context":Reason: NEWLY_SUPPORTED_DATATYPE. cV=lHvvxcgcXyyNpGLdaEN8mX}
{"logTime": "0803/183019", "correlationVector":"lHvvxcgcXyyNpGLdaEN8mX.1","action":"SyncServerConnectionManagerRequest", "result":"SYNC_SERVER_OK", "context":{"environment":"Prod_eastus2_prod-s01-050-nam-eastus2", "migrationStage":"NotStarted", "server":"akswtt11600000w"}}
{"logTime": "0803/183019", "correlationVector":"lHvvxcgcXyyNpGLdaEN8mX.2","action":"ProcessGetUpdates", "result":"Done", "context":{"dataType":"Autofill", "deleted":"0", "process_failed_to_decrypt":"0", "process_pending_decryption":"0", "process_success":"250", "total":"250"}}
{"logTime": "0803/183019", "correlationVector":"lHvvxcgcXyyNpGLdaEN8mX.3","action":"GetUpdates Response", "result":"Success", "context":Received 250 update(s). cV=lHvvxcgcXyyNpGLdaEN8mX.0;server=akswtt11600000w;cloudType=Consumer;environment=Prod_eastus2_prod-s01-050-nam-eastus2;migrationStage=NotStarted Some updates remain.}
{"logTime": "0803/183019", "correlationVector":"tLRJ+BsqWNPdadgXFp5HHy","action":"Initial GetUpdates", "result":"", "context":Reason: NEWLY_SUPPORTED_DATATYPE. cV=tLRJ+BsqWNPdadgXFp5HHy}
{"logTime": "0803/183020", "correlationVector":"tLRJ+BsqWNPdadgXFp5HHy.1","action":"SyncServerConnectionManagerRequest", "result":"SYNC_SERVER_OK", "context":{"environment":"Prod_eastus_prod-s01-056-nam-eastus", "migrationStage":"NotStarted", "server":"akswtt11600000n"}}
{"logTime": "0803/183020", "correlationVector":"tLRJ+BsqWNPdadgXFp5HHy.2","action":"ProcessGetUpdates", "result":"Done", "context":{"dataType":"Bookmarks", "deleted":"0", "process_failed_to_decrypt":"0", "process_pending_decryption":"0", "process_success":"12", "total":"12"}}
{"logTime": "0803/183020", "correlationVector":"tLRJ+BsqWNPdadgXFp5HHy.3","action":"ProcessGetUpdates", "result":"Done", "context":{"dataType":"Preferences", "deleted":"0", "process_failed_to_decrypt":"0", "process_pending_decryption":"0", "process_success":"6", "total":"6"}}
{"logTime": "0803/183020", "correlationVector":"tLRJ+BsqWNPdadgXFp5HHy.4","action":"ProcessGetUpdates", "result":"Done", "context":{"dataType":"Autofill", "deleted":"0", "process_failed_to_decrypt":"0", "process_pending_decryption":"0", "process_success":"132", "total":"132"}}
{"logTime": "0803/183020", "correlationVector":"tLRJ+BsqWNPdadgXFp5HHy.5","action":"ProcessGetUpdates", "result":"Done", "context":{"dataType":"Sessions", "deleted":"98", "process_failed_to_decrypt":"0", "process_pending_decryption":"0", "process_success":"98", "total":"98"}}
{"logTime": "0803/183020", "correlationVector":"tLRJ+BsqWNPdadgXFp5HHy.6","action":"ProcessGetUpdates", "result":"Done", "context":{"dataType":"Saved Tab Group", "deleted":"2", "process_failed_to_decrypt":"0", "process_pending_decryption":"0", "process_success":"2", "total":"2"}}
{"logTime": "0803/183020", "correlationVector":"tLRJ+BsqWNPdadgXFp5HHy.7","action":"GetUpdates Response", "result":"Success", "context":Received 250 update(s). cV=tLRJ+BsqWNPdadgXFp5HHy.0;server=akswtt11600000n;cloudType=Consumer;environment=Prod_eastus_prod-s01-056-nam-eastus;migrationStage=NotStarted Some updates remain.}
{"logTime": "0803/183020", "correlationVector":"jC3jQFboRM9Wat5ZSbcmCp","action":"Initial GetUpdates", "result":"", "context":Reason: NEWLY_SUPPORTED_DATATYPE. cV=jC3jQFboRM9Wat5ZSbcmCp}
{"logTime": "0803/183020", "correlationVector":"jC3jQFboRM9Wat5ZSbcmCp.1","action":"SyncServerConnectionManagerRequest", "result":"SYNC_SERVER_OK", "context":{"environment":"Prod_eastus2_prod-s01-050-nam-eastus2", "migrationStage":"NotStarted", "server":"akswtt11600000l"}}
{"logTime": "0803/183020", "correlationVector":"jC3jQFboRM9Wat5ZSbcmCp.2","action":"ProcessGetUpdates", "result":"Done", "context":{"dataType":"Bookmarks", "deleted":"0", "process_failed_to_decrypt":"0", "process_pending_decryption":"0", "process_success":"5", "total":"5"}}
{"logTime": "0803/183020", "correlationVector":"jC3jQFboRM9Wat5ZSbcmCp.3","action":"ProcessGetUpdates", "result":"Done", "context":{"dataType":"Preferences", "deleted":"1", "process_failed_to_decrypt":"0", "process_pending_decryption":"0", "process_success":"4", "total":"4"}}
{"logTime": "0803/183020", "correlationVector":"jC3jQFboRM9Wat5ZSbcmCp.4","action":"ProcessGetUpdates", "result":"Done", "context":{"dataType":"Autofill", "deleted":"0", "process_failed_to_decrypt":"0", "process_pending_decryption":"0", "process_success":"4", "total":"4"}}
{"logTime": "0803/183020", "correlationVector":"jC3jQFboRM9Wat5ZSbcmCp.5","action":"ProcessGetUpdates", "result":"Done", "context":{"dataType":"Sessions", "deleted":"234", "process_failed_to_decrypt":"0", "process_pending_decryption":"0", "process_success":"234", "total":"234"}}
{"logTime": "0803/183020", "correlationVector":"jC3jQFboRM9Wat5ZSbcmCp.6","action":"ProcessGetUpdates", "result":"Done", "context":{"dataType":"Saved Tab Group", "deleted":"1", "process_failed_to_decrypt":"0", "process_pending_decryption":"0", "process_success":"1", "total":"1"}}
{"logTime": "0803/183020", "correlationVector":"jC3jQFboRM9Wat5ZSbcmCp.7","action":"ProcessGetUpdates", "result":"Done", "context":{"dataType":"Edge Hub App Usage", "deleted":"1", "process_failed_to_decrypt":"0", "process_pending_decryption":"0", "process_success":"2", "total":"2"}}
{"logTime": "0803/183020", "correlationVector":"jC3jQFboRM9Wat5ZSbcmCp.8","action":"GetUpdates Response", "result":"Success", "context":Received 250 update(s). cV=jC3jQFboRM9Wat5ZSbcmCp.0;server=akswtt11600000l;cloudType=Consumer;environment=Prod_eastus2_prod-s01-050-nam-eastus2;migrationStage=NotStarted Some updates remain.}
{"logTime": "0803/183020", "correlationVector":"2HgxXRvpPoRuR8kNuHR9Ol","action":"Initial GetUpdates", "result":"", "context":Reason: NEWLY_SUPPORTED_DATATYPE. cV=2HgxXRvpPoRuR8kNuHR9Ol}
{"logTime": "0803/183021", "correlationVector":"2HgxXRvpPoRuR8kNuHR9Ol.1","action":"SyncServerConnectionManagerRequest", "result":"SYNC_SERVER_OK", "context":{"environment":"Prod_eastus_prod-s01-056-nam-eastus", "migrationStage":"NotStarted", "server":"akswtt11600000c"}}
{"logTime": "0803/183021", "correlationVector":"2HgxXRvpPoRuR8kNuHR9Ol.2","action":"ProcessGetUpdates", "result":"Done", "context":{"dataType":"Bookmarks", "deleted":"0", "process_failed_to_decrypt":"0", "process_pending_decryption":"0", "process_success":"1", "total":"1"}}
{"logTime": "0803/183021", "correlationVector":"2HgxXRvpPoRuR8kNuHR9Ol.3","action":"ProcessGetUpdates", "result":"Done", "context":{"dataType":"Autofill", "deleted":"0", "process_failed_to_decrypt":"0", "process_pending_decryption":"0", "process_success":"22", "total":"22"}}
{"logTime": "0803/183021", "correlationVector":"2HgxXRvpPoRuR8kNuHR9Ol.4","action":"ProcessGetUpdates", "result":"Done", "context":{"dataType":"Extensions", "deleted":"2", "process_failed_to_decrypt":"0", "process_pending_decryption":"0", "process_success":"2", "total":"2"}}
{"logTime": "0803/183021", "correlationVector":"2HgxXRvpPoRuR8kNuHR9Ol.5","action":"ProcessGetUpdates", "result":"Done", "context":{"dataType":"Sessions", "deleted":"225", "process_failed_to_decrypt":"0", "process_pending_decryption":"0", "process_success":"225", "total":"225"}}
{"logTime": "0803/183021", "correlationVector":"2HgxXRvpPoRuR8kNuHR9Ol.6","action":"GetUpdates Response", "result":"Success", "context":Received 250 update(s). cV=2HgxXRvpPoRuR8kNuHR9Ol.0;server=akswtt11600000c;cloudType=Consumer;environment=Prod_eastus_prod-s01-056-nam-eastus;migrationStage=NotStarted Some updates remain.}
{"logTime": "0803/183021", "correlationVector":"H8SMhWnyLLBi2TJPzAxQoG","action":"Initial GetUpdates", "result":"", "context":Reason: NEWLY_SUPPORTED_DATATYPE. cV=H8SMhWnyLLBi2TJPzAxQoG}
{"logTime": "0803/183021", "correlationVector":"H8SMhWnyLLBi2TJPzAxQoG.1","action":"SyncServerConnectionManagerRequest", "result":"SYNC_SERVER_OK", "context":{"environment":"Prod_eastus2_prod-s01-050-nam-eastus2", "migrationStage":"NotStarted", "server":"akswtt116000043"}}
{"logTime": "0803/183021", "correlationVector":"H8SMhWnyLLBi2TJPzAxQoG.2","action":"ProcessGetUpdates", "result":"Done", "context":{"dataType":"Autofill", "deleted":"0", "process_failed_to_decrypt":"0", "process_pending_decryption":"0", "process_success":"27", "total":"27"}}
{"logTime": "0803/183021", "correlationVector":"H8SMhWnyLLBi2TJPzAxQoG.3","action":"ProcessGetUpdates", "result":"Done", "context":{"dataType":"Sessions", "deleted":"223", "process_failed_to_decrypt":"0", "process_pending_decryption":"0", "process_success":"223", "total":"223"}}
{"logTime": "0803/183021", "correlationVector":"H8SMhWnyLLBi2TJPzAxQoG.4","action":"GetUpdates Response", "result":"Success", "context":Received 250 update(s). cV=H8SMhWnyLLBi2TJPzAxQoG.0;server=akswtt116000043;cloudType=Consumer;environment=Prod_eastus2_prod-s01-050-nam-eastus2;migrationStage=NotStarted Some updates remain.}
{"logTime": "0803/183021", "correlationVector":"h8KEgT/jbNTcYzvNnAtF2R","action":"Initial GetUpdates", "result":"", "context":Reason: NEWLY_SUPPORTED_DATATYPE. cV=h8KEgT/jbNTcYzvNnAtF2R}
{"logTime": "0803/183022", "correlationVector":"h8KEgT/jbNTcYzvNnAtF2R.1","action":"SyncServerConnectionManagerRequest", "result":"SYNC_SERVER_OK", "context":{"environment":"Prod_eastus2_prod-s01-050-nam-eastus2", "migrationStage":"NotStarted", "server":"akswtt116000046"}}
{"logTime": "0803/183022", "correlationVector":"h8KEgT/jbNTcYzvNnAtF2R.2","action":"ProcessGetUpdates", "result":"Done", "context":{"dataType":"Autofill Profiles", "deleted":"0", "process_failed_to_decrypt":"0", "process_pending_decryption":"0", "process_success":"1", "total":"1"}}
{"logTime": "0803/183022", "correlationVector":"h8KEgT/jbNTcYzvNnAtF2R.3","action":"ProcessGetUpdates", "result":"Done", "context":{"dataType":"Autofill", "deleted":"0", "process_failed_to_decrypt":"0", "process_pending_decryption":"0", "process_success":"25", "total":"25"}}
{"logTime": "0803/183022", "correlationVector":"h8KEgT/jbNTcYzvNnAtF2R.4","action":"ProcessGetUpdates", "result":"Done", "context":{"dataType":"Sessions", "deleted":"224", "process_failed_to_decrypt":"0", "process_pending_decryption":"0", "process_success":"224", "total":"224"}}
{"logTime": "0803/183022", "correlationVector":"h8KEgT/jbNTcYzvNnAtF2R.5","action":"GetUpdates Response", "result":"Success", "context":Received 250 update(s). cV=h8KEgT/jbNTcYzvNnAtF2R.0;server=akswtt116000046;cloudType=Consumer;environment=Prod_eastus2_prod-s01-050-nam-eastus2;migrationStage=NotStarted Some updates remain.}
{"logTime": "0803/183022", "correlationVector":"kAUWUhtg4Xu8Vqm4kqgbm4","action":"Initial GetUpdates", "result":"", "context":Reason: NEWLY_SUPPORTED_DATATYPE. cV=kAUWUhtg4Xu8Vqm4kqgbm4}
{"logTime": "0803/183023", "correlationVector":"kAUWUhtg4Xu8Vqm4kqgbm4.1","action":"SyncServerConnectionManagerRequest", "result":"SYNC_SERVER_OK", "context":{"environment":"Prod_eastus_prod-s01-056-nam-eastus", "migrationStage":"NotStarted", "server":"akswtt11600000i"}}
{"logTime": "0803/183023", "correlationVector":"kAUWUhtg4Xu8Vqm4kqgbm4.2","action":"ProcessGetUpdates", "result":"Done", "context":{"dataType":"Preferences", "deleted":"0", "process_failed_to_decrypt":"0", "process_pending_decryption":"0", "process_success":"1", "total":"1"}}
{"logTime": "0803/183023", "correlationVector":"kAUWUhtg4Xu8Vqm4kqgbm4.3","action":"ProcessGetUpdates", "result":"Done", "context":{"dataType":"Autofill", "deleted":"0", "process_failed_to_decrypt":"0", "process_pending_decryption":"0", "process_success":"26", "total":"26"}}
{"logTime": "0803/183023", "correlationVector":"kAUWUhtg4Xu8Vqm4kqgbm4.4","action":"ProcessGetUpdates", "result":"Done", "context":{"dataType":"Sessions", "deleted":"222", "process_failed_to_decrypt":"0", "process_pending_decryption":"0", "process_success":"222", "total":"222"}}
{"logTime": "0803/183023", "correlationVector":"kAUWUhtg4Xu8Vqm4kqgbm4.5","action":"ProcessGetUpdates", "result":"Done", "context":{"dataType":"WebAuthn Credentials", "deleted":"0", "process_failed_to_decrypt":"0", "process_pending_decryption":"0", "process_success":"1", "total":"1"}}
{"logTime": "0803/183023", "correlationVector":"kAUWUhtg4Xu8Vqm4kqgbm4.6","action":"GetUpdates Response", "result":"Success", "context":Received 250 update(s). cV=kAUWUhtg4Xu8Vqm4kqgbm4.0;server=akswtt11600000i;cloudType=Consumer;environment=Prod_eastus_prod-s01-056-nam-eastus;migrationStage=NotStarted Some updates remain.}
{"logTime": "0803/183023", "correlationVector":"PNZCY115/lmF2yPRSbqM8H","action":"Initial GetUpdates", "result":"", "context":Reason: NEWLY_SUPPORTED_DATATYPE. cV=PNZCY115/lmF2yPRSbqM8H}
{"logTime": "0803/183023", "correlationVector":"PNZCY115/lmF2yPRSbqM8H.1","action":"SyncServerConnectionManagerRequest", "result":"SYNC_SERVER_OK", "context":{"environment":"Prod_eastus2_prod-s01-050-nam-eastus2", "migrationStage":"NotStarted", "server":"akswtt11600000l"}}
{"logTime": "0803/183023", "correlationVector":"PNZCY115/lmF2yPRSbqM8H.2","action":"ProcessGetUpdates", "result":"Done", "context":{"dataType":"Autofill", "deleted":"0", "process_failed_to_decrypt":"0", "process_pending_decryption":"0", "process_success":"40", "total":"40"}}
{"logTime": "0803/183023", "correlationVector":"PNZCY115/lmF2yPRSbqM8H.3","action":"ProcessGetUpdates", "result":"Done", "context":{"dataType":"Sessions", "deleted":"208", "process_failed_to_decrypt":"0", "process_pending_decryption":"0", "process_success":"208", "total":"208"}}
{"logTime": "0803/183023", "correlationVector":"PNZCY115/lmF2yPRSbqM8H.4","action":"ProcessGetUpdates", "result":"Done", "context":{"dataType":"Edge Hub App Usage", "deleted":"1", "process_failed_to_decrypt":"0", "process_pending_decryption":"0", "process_success":"2", "total":"2"}}
{"logTime": "0803/183023", "correlationVector":"PNZCY115/lmF2yPRSbqM8H.5","action":"GetUpdates Response", "result":"Success", "context":Received 250 update(s). cV=PNZCY115/lmF2yPRSbqM8H.0;server=akswtt11600000l;cloudType=Consumer;environment=Prod_eastus2_prod-s01-050-nam-eastus2;migrationStage=NotStarted Some updates remain.}
{"logTime": "0803/183023", "correlationVector":"JX3H5AeV6t/t6l+z5Q62a8","action":"Initial GetUpdates", "result":"", "context":Reason: NEWLY_SUPPORTED_DATATYPE. cV=JX3H5AeV6t/t6l+z5Q62a8}
{"logTime": "0803/183024", "correlationVector":"JX3H5AeV6t/t6l+z5Q62a8.1","action":"SyncServerConnectionManagerRequest", "result":"SYNC_SERVER_OK", "context":{"environment":"Prod_eastus_prod-s01-056-nam-eastus", "migrationStage":"NotStarted", "server":"akswtt11600000n"}}
{"logTime": "0803/183024", "correlationVector":"JX3H5AeV6t/t6l+z5Q62a8.2","action":"ProcessGetUpdates", "result":"Done", "context":{"dataType":"Preferences", "deleted":"0", "process_failed_to_decrypt":"0", "process_pending_decryption":"0", "process_success":"5", "total":"5"}}
{"logTime": "0803/183024", "correlationVector":"JX3H5AeV6t/t6l+z5Q62a8.3","action":"ProcessGetUpdates", "result":"Done", "context":{"dataType":"Autofill Profiles", "deleted":"0", "process_failed_to_decrypt":"0", "process_pending_decryption":"0", "process_success":"1", "total":"1"}}
{"logTime": "0803/183024", "correlationVector":"JX3H5AeV6t/t6l+z5Q62a8.4","action":"ProcessGetUpdates", "result":"Done", "context":{"dataType":"Autofill", "deleted":"0", "process_failed_to_decrypt":"0", "process_pending_decryption":"0", "process_success":"36", "total":"36"}}
{"logTime": "0803/183024", "correlationVector":"JX3H5AeV6t/t6l+z5Q62a8.5","action":"ProcessGetUpdates", "result":"Done", "context":{"dataType":"Sessions", "deleted":"91", "process_failed_to_decrypt":"0", "process_pending_decryption":"0", "process_success":"103", "total":"103"}}
{"logTime": "0803/183024", "correlationVector":"JX3H5AeV6t/t6l+z5Q62a8.6","action":"ProcessGetUpdates", "result":"Done", "context":{"dataType":"Edge Hub App Usage", "deleted":"0", "process_failed_to_decrypt":"0", "process_pending_decryption":"0", "process_success":"1", "total":"1"}}
{"logTime": "0803/183024", "correlationVector":"JX3H5AeV6t/t6l+z5Q62a8.7","action":"GetUpdates Response", "result":"Success", "context":Received 146 update(s). cV=JX3H5AeV6t/t6l+z5Q62a8.0;server=akswtt11600000n;cloudType=Consumer;environment=Prod_eastus_prod-s01-056-nam-eastus;migrationStage=NotStarted}
{"logTime": "0803/183024", "correlationVector":"nVHUET7VK43v/E0rMtLyPy","action":"Initial GetUpdates", "result":"", "context":Reason: NEWLY_SUPPORTED_DATATYPE. cV=nVHUET7VK43v/E0rMtLyPy}
