{"logTime": "0803/182658", "correlationVector":"lliIoK2I6CtwAEGzAF+rPw.1","action":"SyncServerConnectionManagerRequest", "result":"SYNC_SERVER_OK", "context":{"environment":"Prod_eastus_prod-s01-056-nam-eastus", "migrationStage":"NotStarted", "server":"akswtt11600000k"}}
{"logTime": "0803/182658", "correlationVector":"lliIoK2I6CtwAEGzAF+rPw.2","action":"ProcessGetUpdates", "result":"Done", "context":{"dataType":"Encryption Keys", "deleted":"0", "process_failed_to_decrypt":"0", "process_pending_decryption":"0", "process_success":"1", "total":"1"}}
{"logTime": "0803/182658", "correlationVector":"n81nAO19P48YWzU6CQ+2iU","action":"SyncServerConnectionManagerRequest", "result":"SYNC_SERVER_OK", "context":{"environment":"", "migrationStage":"", "server":""}}
{"logTime": "0803/182658", "correlationVector":"n81nAO19P48YWzU6CQ+2iU.0","action":"EncryptionKeysFetcher.DownloadKeys:", "result":"Success", "context":Key count: 4, Last key timestamp: 2026-04-06T04:49:12Z}
{"logTime": "0803/182658", "correlationVector":"n81nAO19P48YWzU6CQ+2iU.1","action":"EncryptionKeysManager::SetEncryptionKeys:", "result":"Success", "context":Key names[4]:[WlPI7jme4socEoxv69ivXBiASejPONVYqNoH22QuFeFJewIw7A8WVsECWKwIkNpe7zs09u/b5jaBGk8AObqpDw==][bFRteqdpnwr5Pjzh3UhixjVhTYZrs0+o04xfVXyE51QytZG2DT0Eju1sFF1FbE8BHoTfPkAJQzfsMbJCTAHzAg==][IpB9zpXi0RHB8N20UoQ1OY+IQ0ph7SV3N69FSlK4dkVT/F7HPCCsy8BFEOB8ToQ5HJCXTKJuSB11gHUrcKPPmQ==][9FcnA2aswFsKdndZLxZRP5fooDBJGGFxhUuW++gCTw8Tk/a2R4BIj7HQkoRnQi/jxOXlY6y8XdWOGg2syN+EbQ==]}
{"logTime": "0803/182658", "correlationVector":"n81nAO19P48YWzU6CQ+2iU.2","action":"EncryptionKeysManager::SetEncryptionKeysWithTimestamps:", "result":"Success", "context":Key timestamps[4]:[2023-10-27T01:59:38Z][2024-04-25T06:50:47Z][2025-09-12T16:53:54Z][2026-04-06T04:49:12Z]}
{"logTime": "0803/182658", "correlationVector":"lliIoK2I6CtwAEGzAF+rPw","action":"Initial GetUpdates", "result":"", "context":Reason: NEW_CLIENT. cV=lliIoK2I6CtwAEGzAF+rPw}
{"logTime": "0803/182658", "correlationVector":"lliIoK2I6CtwAEGzAF+rPw.3","action":"GetUpdates Response", "result":"Success", "context":Received 1 update(s). cV=lliIoK2I6CtwAEGzAF+rPw.0;server=akswtt11600000k;cloudType=Consumer;environment=Prod_eastus_prod-s01-056-nam-eastus;migrationStage=NotStarted}
{"logTime": "0803/182658", "correlationVector":"oKJutGFByDFSo+dgnrQE5d","action":"Initial GetUpdates", "result":"", "context":Reason: NEWLY_SUPPORTED_DATATYPE. cV=oKJutGFByDFSo+dgnrQE5d}
{"logTime": "0803/182659", "correlationVector":"oKJutGFByDFSo+dgnrQE5d.1","action":"SyncServerConnectionManagerRequest", "result":"SYNC_SERVER_OK", "context":{"environment":"Prod_eastus_prod-s01-056-nam-eastus", "migrationStage":"NotStarted", "server":"akswtt11600000m"}}
{"logTime": "0803/182659", "correlationVector":"oKJutGFByDFSo+dgnrQE5d.2","action":"ProcessGetUpdates", "result":"Done", "context":{"dataType":"Passwords", "deleted":"8", "process_failed_to_decrypt":"0", "process_pending_decryption":"0", "process_success":"83", "total":"83"}}
{"logTime": "0803/182659", "correlationVector":"oKJutGFByDFSo+dgnrQE5d.3","action":"ProcessGetUpdates", "result":"Done", "context":{"dataType":"Device Info", "deleted":"0", "process_failed_to_decrypt":"0", "process_pending_decryption":"0", "process_success":"2", "total":"2"}}
{"logTime": "0803/182659", "correlationVector":"oKJutGFByDFSo+dgnrQE5d.4","action":"GetUpdates Response", "result":"Success", "context":Received 85 update(s). cV=oKJutGFByDFSo+dgnrQE5d.0;server=akswtt11600000m;cloudType=Consumer;environment=Prod_eastus_prod-s01-056-nam-eastus;migrationStage=NotStarted}
{"logTime": "0803/182659", "correlationVector":"0HJ1yK1nd+Yxo0mVmFOYy4","action":"Initial GetUpdates", "result":"", "context":Reason: NEWLY_SUPPORTED_DATATYPE. cV=0HJ1yK1nd+Yxo0mVmFOYy4}
{"logTime": "0803/182659", "correlationVector":"0HJ1yK1nd+Yxo0mVmFOYy4.1","action":"SyncServerConnectionManagerRequest", "result":"SYNC_SERVER_OK", "context":{"environment":"Prod_eastus_prod-s01-056-nam-eastus", "migrationStage":"NotStarted", "server":"akswtt11600000p"}}
{"logTime": "0803/182659", "correlationVector":"0HJ1yK1nd+Yxo0mVmFOYy4.2","action":"ProcessGetUpdates", "result":"Done", "context":{"dataType":"Bookmarks", "deleted":"2", "process_failed_to_decrypt":"0", "process_pending_decryption":"0", "process_success":"45", "total":"45"}}
{"logTime": "0803/182659", "correlationVector":"0HJ1yK1nd+Yxo0mVmFOYy4.3","action":"ProcessGetUpdates", "result":"Done", "context":{"dataType":"Preferences", "deleted":"0", "process_failed_to_decrypt":"0", "process_pending_decryption":"0", "process_success":"54", "total":"54"}}
{"logTime": "0803/182659", "correlationVector":"0HJ1yK1nd+Yxo0mVmFOYy4.4","action":"ProcessGetUpdates", "result":"Done", "context":{"dataType":"Autofill", "deleted":"0", "process_failed_to_decrypt":"0", "process_pending_decryption":"0", "process_success":"151", "total":"151"}}
{"logTime": "0803/182659", "correlationVector":"0HJ1yK1nd+Yxo0mVmFOYy4.5","action":"GetUpdates Response", "result":"Success", "context":Received 250 update(s). cV=0HJ1yK1nd+Yxo0mVmFOYy4.0;server=akswtt11600000p;cloudType=Consumer;environment=Prod_eastus_prod-s01-056-nam-eastus;migrationStage=NotStarted Some updates remain.}
{"logTime": "0803/182659", "correlationVector":"tSjrlqR2g2F2Q7qoATuHSM","action":"Initial GetUpdates", "result":"", "context":Reason: NEWLY_SUPPORTED_DATATYPE. cV=tSjrlqR2g2F2Q7qoATuHSM}
{"logTime": "0803/182700", "correlationVector":"tSjrlqR2g2F2Q7qoATuHSM.1","action":"SyncServerConnectionManagerRequest", "result":"SYNC_SERVER_OK", "context":{"environment":"Prod_eastus_prod-s01-056-nam-eastus", "migrationStage":"NotStarted", "server":"akswtt11600000i"}}
{"logTime": "0803/182700", "correlationVector":"tSjrlqR2g2F2Q7qoATuHSM.2","action":"ProcessGetUpdates", "result":"Done", "context":{"dataType":"Bookmarks", "deleted":"2", "process_failed_to_decrypt":"0", "process_pending_decryption":"0", "process_success":"60", "total":"60"}}
{"logTime": "0803/182700", "correlationVector":"tSjrlqR2g2F2Q7qoATuHSM.3","action":"ProcessGetUpdates", "result":"Done", "context":{"dataType":"Preferences", "deleted":"0", "process_failed_to_decrypt":"0", "process_pending_decryption":"0", "process_success":"11", "total":"11"}}
{"logTime": "0803/182700", "correlationVector":"tSjrlqR2g2F2Q7qoATuHSM.4","action":"ProcessGetUpdates", "result":"Done", "context":{"dataType":"Autofill Profiles", "deleted":"0", "process_failed_to_decrypt":"0", "process_pending_decryption":"0", "process_success":"3", "total":"3"}}
{"logTime": "0803/182700", "correlationVector":"tSjrlqR2g2F2Q7qoATuHSM.5","action":"ProcessGetUpdates", "result":"Done", "context":{"dataType":"Autofill", "deleted":"0", "process_failed_to_decrypt":"0", "process_pending_decryption":"0", "process_success":"174", "total":"174"}}
{"logTime": "0803/182700", "correlationVector":"tSjrlqR2g2F2Q7qoATuHSM.6","action":"ProcessGetUpdates", "result":"Done", "context":{"dataType":"Web Apps", "deleted":"0", "process_failed_to_decrypt":"0", "process_pending_decryption":"0", "process_success":"2", "total":"2"}}
{"logTime": "0803/182700", "correlationVector":"tSjrlqR2g2F2Q7qoATuHSM.7","action":"GetUpdates Response", "result":"Success", "context":Received 250 update(s). cV=tSjrlqR2g2F2Q7qoATuHSM.0;server=akswtt11600000i;cloudType=Consumer;environment=Prod_eastus_prod-s01-056-nam-eastus;migrationStage=NotStarted Some updates remain.}
{"logTime": "0803/182700", "correlationVector":"DQf5pffT6IPVqOmvhTyvXO","action":"Initial GetUpdates", "result":"", "context":Reason: NEWLY_SUPPORTED_DATATYPE. cV=DQf5pffT6IPVqOmvhTyvXO}
