{"logTime": "0803/182943", "correlationVector":"RCY5RhvFGw7UzinHpuwA5x.1","action":"SyncServerConnectionManagerRequest", "result":"SYNC_SERVER_OK", "context":{"environment":"Prod_eastus2_prod-s01-050-nam-eastus2", "migrationStage":"NotStarted", "server":"akswtt11600001i"}}
{"logTime": "0803/182943", "correlationVector":"RCY5RhvFGw7UzinHpuwA5x.2","action":"ProcessGetUpdates", "result":"Done", "context":{"dataType":"Encryption Keys", "deleted":"0", "process_failed_to_decrypt":"0", "process_pending_decryption":"0", "process_success":"1", "total":"1"}}
{"logTime": "0803/182943", "correlationVector":"TBfBEjDSBWP0gEIu7jH5ua","action":"SyncServerConnectionManagerRequest", "result":"SYNC_SERVER_OK", "context":{"environment":"", "migrationStage":"", "server":""}}
{"logTime": "0803/182943", "correlationVector":"TBfBEjDSBWP0gEIu7jH5ua.0","action":"EncryptionKeysFetcher.DownloadKeys:", "result":"Success", "context":Key count: 4, Last key timestamp: 2026-04-06T04:49:12Z}
{"logTime": "0803/182943", "correlationVector":"TBfBEjDSBWP0gEIu7jH5ua.1","action":"EncryptionKeysManager::SetEncryptionKeys:", "result":"Success", "context":Key names[4]:[WlPI7jme4socEoxv69ivXBiASejPONVYqNoH22QuFeFJewIw7A8WVsECWKwIkNpe7zs09u/b5jaBGk8AObqpDw==][bFRteqdpnwr5Pjzh3UhixjVhTYZrs0+o04xfVXyE51QytZG2DT0Eju1sFF1FbE8BHoTfPkAJQzfsMbJCTAHzAg==][IpB9zpXi0RHB8N20UoQ1OY+IQ0ph7SV3N69FSlK4dkVT/F7HPCCsy8BFEOB8ToQ5HJCXTKJuSB11gHUrcKPPmQ==][9FcnA2aswFsKdndZLxZRP5fooDBJGGFxhUuW++gCTw8Tk/a2R4BIj7HQkoRnQi/jxOXlY6y8XdWOGg2syN+EbQ==]}
{"logTime": "0803/182943", "correlationVector":"TBfBEjDSBWP0gEIu7jH5ua.2","action":"EncryptionKeysManager::SetEncryptionKeysWithTimestamps:", "result":"Success", "context":Key timestamps[4]:[2023-10-27T01:59:38Z][2024-04-25T06:50:47Z][2025-09-12T16:53:54Z][2026-04-06T04:49:12Z]}
{"logTime": "0803/182943", "correlationVector":"RCY5RhvFGw7UzinHpuwA5x","action":"Initial GetUpdates", "result":"", "context":Reason: NEW_CLIENT. cV=RCY5RhvFGw7UzinHpuwA5x}
{"logTime": "0803/182943", "correlationVector":"RCY5RhvFGw7UzinHpuwA5x.3","action":"GetUpdates Response", "result":"Success", "context":Received 1 update(s). cV=RCY5RhvFGw7UzinHpuwA5x.0;server=akswtt11600001i;cloudType=Consumer;environment=Prod_eastus2_prod-s01-050-nam-eastus2;migrationStage=NotStarted}
{"logTime": "0803/182943", "correlationVector":"4je8HrNDfqRo+1y0kOMUli","action":"Initial GetUpdates", "result":"", "context":Reason: NEWLY_SUPPORTED_DATATYPE. cV=4je8HrNDfqRo+1y0kOMUli}
{"logTime": "0803/182944", "correlationVector":"4je8HrNDfqRo+1y0kOMUli.1","action":"SyncServerConnectionManagerRequest", "result":"SYNC_SERVER_OK", "context":{"environment":"Prod_eastus2_prod-s01-050-nam-eastus2", "migrationStage":"NotStarted", "server":"akswtt116000017"}}
{"logTime": "0803/182944", "correlationVector":"4je8HrNDfqRo+1y0kOMUli.2","action":"ProcessGetUpdates", "result":"Done", "context":{"dataType":"Passwords", "deleted":"8", "process_failed_to_decrypt":"0", "process_pending_decryption":"0", "process_success":"83", "total":"83"}}
{"logTime": "0803/182944", "correlationVector":"4je8HrNDfqRo+1y0kOMUli.3","action":"ProcessGetUpdates", "result":"Done", "context":{"dataType":"Device Info", "deleted":"0", "process_failed_to_decrypt":"0", "process_pending_decryption":"0", "process_success":"2", "total":"2"}}
{"logTime": "0803/182944", "correlationVector":"4je8HrNDfqRo+1y0kOMUli.4","action":"GetUpdates Response", "result":"Success", "context":Received 85 update(s). cV=4je8HrNDfqRo+1y0kOMUli.0;server=akswtt116000017;cloudType=Consumer;environment=Prod_eastus2_prod-s01-050-nam-eastus2;migrationStage=NotStarted}
{"logTime": "0803/182944", "correlationVector":"se5OwrRaIB8fkohikY68to","action":"Initial GetUpdates", "result":"", "context":Reason: NEWLY_SUPPORTED_DATATYPE. cV=se5OwrRaIB8fkohikY68to}
{"logTime": "0803/182945", "correlationVector":"se5OwrRaIB8fkohikY68to.1","action":"SyncServerConnectionManagerRequest", "result":"SYNC_SERVER_OK", "context":{"environment":"Prod_eastus2_prod-s01-050-nam-eastus2", "migrationStage":"NotStarted", "server":"akswtt11600000g"}}
{"logTime": "0803/182945", "correlationVector":"se5OwrRaIB8fkohikY68to.2","action":"ProcessGetUpdates", "result":"Done", "context":{"dataType":"Bookmarks", "deleted":"2", "process_failed_to_decrypt":"0", "process_pending_decryption":"0", "process_success":"45", "total":"45"}}
{"logTime": "0803/182945", "correlationVector":"se5OwrRaIB8fkohikY68to.3","action":"ProcessGetUpdates", "result":"Done", "context":{"dataType":"Preferences", "deleted":"0", "process_failed_to_decrypt":"0", "process_pending_decryption":"0", "process_success":"54", "total":"54"}}
{"logTime": "0803/182945", "correlationVector":"se5OwrRaIB8fkohikY68to.4","action":"ProcessGetUpdates", "result":"Done", "context":{"dataType":"Autofill", "deleted":"0", "process_failed_to_decrypt":"0", "process_pending_decryption":"0", "process_success":"151", "total":"151"}}
{"logTime": "0803/182945", "correlationVector":"se5OwrRaIB8fkohikY68to.5","action":"GetUpdates Response", "result":"Success", "context":Received 250 update(s). cV=se5OwrRaIB8fkohikY68to.0;server=akswtt11600000g;cloudType=Consumer;environment=Prod_eastus2_prod-s01-050-nam-eastus2;migrationStage=NotStarted Some updates remain.}
{"logTime": "0803/182945", "correlationVector":"jPHTEbel3kidXxkoLQGUCF","action":"Initial GetUpdates", "result":"", "context":Reason: NEWLY_SUPPORTED_DATATYPE. cV=jPHTEbel3kidXxkoLQGUCF}
{"logTime": "0803/182946", "correlationVector":"jPHTEbel3kidXxkoLQGUCF.1","action":"SyncServerConnectionManagerRequest", "result":"SYNC_SERVER_OK", "context":{"environment":"Prod_eastus2_prod-s01-050-nam-eastus2", "migrationStage":"NotStarted", "server":"akswtt11600002j"}}
{"logTime": "0803/182946", "correlationVector":"jPHTEbel3kidXxkoLQGUCF.2","action":"ProcessGetUpdates", "result":"Done", "context":{"dataType":"Bookmarks", "deleted":"2", "process_failed_to_decrypt":"0", "process_pending_decryption":"0", "process_success":"60", "total":"60"}}
{"logTime": "0803/182946", "correlationVector":"jPHTEbel3kidXxkoLQGUCF.3","action":"ProcessGetUpdates", "result":"Done", "context":{"dataType":"Preferences", "deleted":"0", "process_failed_to_decrypt":"0", "process_pending_decryption":"0", "process_success":"11", "total":"11"}}
{"logTime": "0803/182946", "correlationVector":"jPHTEbel3kidXxkoLQGUCF.4","action":"ProcessGetUpdates", "result":"Done", "context":{"dataType":"Autofill Profiles", "deleted":"0", "process_failed_to_decrypt":"0", "process_pending_decryption":"0", "process_success":"3", "total":"3"}}
{"logTime": "0803/182946", "correlationVector":"jPHTEbel3kidXxkoLQGUCF.5","action":"ProcessGetUpdates", "result":"Done", "context":{"dataType":"Autofill", "deleted":"0", "process_failed_to_decrypt":"0", "process_pending_decryption":"0", "process_success":"174", "total":"174"}}
{"logTime": "0803/182946", "correlationVector":"jPHTEbel3kidXxkoLQGUCF.6","action":"ProcessGetUpdates", "result":"Done", "context":{"dataType":"Web Apps", "deleted":"0", "process_failed_to_decrypt":"0", "process_pending_decryption":"0", "process_success":"2", "total":"2"}}
{"logTime": "0803/182946", "correlationVector":"jPHTEbel3kidXxkoLQGUCF.7","action":"GetUpdates Response", "result":"Success", "context":Received 250 update(s). cV=jPHTEbel3kidXxkoLQGUCF.0;server=akswtt11600002j;cloudType=Consumer;environment=Prod_eastus2_prod-s01-050-nam-eastus2;migrationStage=NotStarted Some updates remain.}
{"logTime": "0803/182946", "correlationVector":"R8ZTPGDKcjnP1lMC/wigic","action":"Initial GetUpdates", "result":"", "context":Reason: NEWLY_SUPPORTED_DATATYPE. cV=R8ZTPGDKcjnP1lMC/wigic}
{"logTime": "0803/182946", "correlationVector":"R8ZTPGDKcjnP1lMC/wigic.1","action":"SyncServerConnectionManagerRequest", "result":"SYNC_SERVER_OK", "context":{"environment":"Prod_eastus2_prod-s01-050-nam-eastus2", "migrationStage":"NotStarted", "server":"akswtt11600000z"}}
{"logTime": "0803/182946", "correlationVector":"R8ZTPGDKcjnP1lMC/wigic.2","action":"ProcessGetUpdates", "result":"Done", "context":{"dataType":"Autofill", "deleted":"0", "process_failed_to_decrypt":"0", "process_pending_decryption":"0", "process_success":"250", "total":"250"}}
{"logTime": "0803/182946", "correlationVector":"R8ZTPGDKcjnP1lMC/wigic.3","action":"GetUpdates Response", "result":"Success", "context":Received 250 update(s). cV=R8ZTPGDKcjnP1lMC/wigic.0;server=akswtt11600000z;cloudType=Consumer;environment=Prod_eastus2_prod-s01-050-nam-eastus2;migrationStage=NotStarted Some updates remain.}
{"logTime": "0803/182946", "correlationVector":"bIwKJyilC7rAHbKlZu+fo1","action":"Initial GetUpdates", "result":"", "context":Reason: NEWLY_SUPPORTED_DATATYPE. cV=bIwKJyilC7rAHbKlZu+fo1}
{"logTime": "0803/182947", "correlationVector":"bIwKJyilC7rAHbKlZu+fo1.1","action":"SyncServerConnectionManagerRequest", "result":"SYNC_SERVER_OK", "context":{"environment":"Prod_eastus2_prod-s01-050-nam-eastus2", "migrationStage":"NotStarted", "server":"akswtt116000021"}}
{"logTime": "0803/182947", "correlationVector":"bIwKJyilC7rAHbKlZu+fo1.2","action":"ProcessGetUpdates", "result":"Done", "context":{"dataType":"Bookmarks", "deleted":"0", "process_failed_to_decrypt":"0", "process_pending_decryption":"0", "process_success":"12", "total":"12"}}
{"logTime": "0803/182947", "correlationVector":"bIwKJyilC7rAHbKlZu+fo1.3","action":"ProcessGetUpdates", "result":"Done", "context":{"dataType":"Preferences", "deleted":"0", "process_failed_to_decrypt":"0", "process_pending_decryption":"0", "process_success":"6", "total":"6"}}
{"logTime": "0803/182947", "correlationVector":"bIwKJyilC7rAHbKlZu+fo1.4","action":"ProcessGetUpdates", "result":"Done", "context":{"dataType":"Autofill", "deleted":"0", "process_failed_to_decrypt":"0", "process_pending_decryption":"0", "process_success":"132", "total":"132"}}
{"logTime": "0803/182947", "correlationVector":"bIwKJyilC7rAHbKlZu+fo1.5","action":"ProcessGetUpdates", "result":"Done", "context":{"dataType":"Sessions", "deleted":"98", "process_failed_to_decrypt":"0", "process_pending_decryption":"0", "process_success":"98", "total":"98"}}
{"logTime": "0803/182947", "correlationVector":"bIwKJyilC7rAHbKlZu+fo1.6","action":"ProcessGetUpdates", "result":"Done", "context":{"dataType":"Saved Tab Group", "deleted":"2", "process_failed_to_decrypt":"0", "process_pending_decryption":"0", "process_success":"2", "total":"2"}}
{"logTime": "0803/182947", "correlationVector":"bIwKJyilC7rAHbKlZu+fo1.7","action":"GetUpdates Response", "result":"Success", "context":Received 250 update(s). cV=bIwKJyilC7rAHbKlZu+fo1.0;server=akswtt116000021;cloudType=Consumer;environment=Prod_eastus2_prod-s01-050-nam-eastus2;migrationStage=NotStarted Some updates remain.}
{"logTime": "0803/182947", "correlationVector":"rCCzjpbmSmDH2qeYreOacT","action":"Initial GetUpdates", "result":"", "context":Reason: NEWLY_SUPPORTED_DATATYPE. cV=rCCzjpbmSmDH2qeYreOacT}
{"logTime": "0803/182948", "correlationVector":"rCCzjpbmSmDH2qeYreOacT.1","action":"SyncServerConnectionManagerRequest", "result":"SYNC_SERVER_OK", "context":{"environment":"Prod_eastus2_prod-s01-050-nam-eastus2", "migrationStage":"NotStarted", "server":"akswtt11600002b"}}
{"logTime": "0803/182948", "correlationVector":"rCCzjpbmSmDH2qeYreOacT.2","action":"ProcessGetUpdates", "result":"Done", "context":{"dataType":"Bookmarks", "deleted":"0", "process_failed_to_decrypt":"0", "process_pending_decryption":"0", "process_success":"5", "total":"5"}}
{"logTime": "0803/182948", "correlationVector":"rCCzjpbmSmDH2qeYreOacT.3","action":"ProcessGetUpdates", "result":"Done", "context":{"dataType":"Preferences", "deleted":"1", "process_failed_to_decrypt":"0", "process_pending_decryption":"0", "process_success":"4", "total":"4"}}
{"logTime": "0803/182948", "correlationVector":"rCCzjpbmSmDH2qeYreOacT.4","action":"ProcessGetUpdates", "result":"Done", "context":{"dataType":"Autofill", "deleted":"0", "process_failed_to_decrypt":"0", "process_pending_decryption":"0", "process_success":"4", "total":"4"}}
{"logTime": "0803/182948", "correlationVector":"rCCzjpbmSmDH2qeYreOacT.5","action":"ProcessGetUpdates", "result":"Done", "context":{"dataType":"Sessions", "deleted":"234", "process_failed_to_decrypt":"0", "process_pending_decryption":"0", "process_success":"234", "total":"234"}}
{"logTime": "0803/182948", "correlationVector":"rCCzjpbmSmDH2qeYreOacT.6","action":"ProcessGetUpdates", "result":"Done", "context":{"dataType":"Saved Tab Group", "deleted":"1", "process_failed_to_decrypt":"0", "process_pending_decryption":"0", "process_success":"1", "total":"1"}}
{"logTime": "0803/182948", "correlationVector":"rCCzjpbmSmDH2qeYreOacT.7","action":"ProcessGetUpdates", "result":"Done", "context":{"dataType":"Edge Hub App Usage", "deleted":"1", "process_failed_to_decrypt":"0", "process_pending_decryption":"0", "process_success":"2", "total":"2"}}
{"logTime": "0803/182948", "correlationVector":"rCCzjpbmSmDH2qeYreOacT.8","action":"GetUpdates Response", "result":"Success", "context":Received 250 update(s). cV=rCCzjpbmSmDH2qeYreOacT.0;server=akswtt11600002b;cloudType=Consumer;environment=Prod_eastus2_prod-s01-050-nam-eastus2;migrationStage=NotStarted Some updates remain.}
{"logTime": "0803/182948", "correlationVector":"+TorQqDD8t32ZWSXtsaleu","action":"Initial GetUpdates", "result":"", "context":Reason: NEWLY_SUPPORTED_DATATYPE. cV=+TorQqDD8t32ZWSXtsaleu}
{"logTime": "0803/182948", "correlationVector":"+TorQqDD8t32ZWSXtsaleu.1","action":"SyncServerConnectionManagerRequest", "result":"SYNC_SERVER_OK", "context":{"environment":"Prod_eastus2_prod-s01-050-nam-eastus2", "migrationStage":"NotStarted", "server":"akswtt11600001z"}}
{"logTime": "0803/182948", "correlationVector":"+TorQqDD8t32ZWSXtsaleu.2","action":"ProcessGetUpdates", "result":"Done", "context":{"dataType":"Bookmarks", "deleted":"0", "process_failed_to_decrypt":"0", "process_pending_decryption":"0", "process_success":"1", "total":"1"}}
{"logTime": "0803/182948", "correlationVector":"+TorQqDD8t32ZWSXtsaleu.3","action":"ProcessGetUpdates", "result":"Done", "context":{"dataType":"Autofill", "deleted":"0", "process_failed_to_decrypt":"0", "process_pending_decryption":"0", "process_success":"22", "total":"22"}}
{"logTime": "0803/182948", "correlationVector":"+TorQqDD8t32ZWSXtsaleu.4","action":"ProcessGetUpdates", "result":"Done", "context":{"dataType":"Extensions", "deleted":"2", "process_failed_to_decrypt":"0", "process_pending_decryption":"0", "process_success":"2", "total":"2"}}
{"logTime": "0803/182948", "correlationVector":"+TorQqDD8t32ZWSXtsaleu.5","action":"ProcessGetUpdates", "result":"Done", "context":{"dataType":"Sessions", "deleted":"225", "process_failed_to_decrypt":"0", "process_pending_decryption":"0", "process_success":"225", "total":"225"}}
{"logTime": "0803/182948", "correlationVector":"+TorQqDD8t32ZWSXtsaleu.6","action":"GetUpdates Response", "result":"Success", "context":Received 250 update(s). cV=+TorQqDD8t32ZWSXtsaleu.0;server=akswtt11600001z;cloudType=Consumer;environment=Prod_eastus2_prod-s01-050-nam-eastus2;migrationStage=NotStarted Some updates remain.}
{"logTime": "0803/182948", "correlationVector":"+bX5GZ2rdQf3nO1L9u2WZA","action":"Initial GetUpdates", "result":"", "context":Reason: NEWLY_SUPPORTED_DATATYPE. cV=+bX5GZ2rdQf3nO1L9u2WZA}
{"logTime": "0803/182949", "correlationVector":"+bX5GZ2rdQf3nO1L9u2WZA.1","action":"SyncServerConnectionManagerRequest", "result":"SYNC_SERVER_OK", "context":{"environment":"Prod_eastus2_prod-s01-050-nam-eastus2", "migrationStage":"NotStarted", "server":"akswtt11600001h"}}
{"logTime": "0803/182949", "correlationVector":"+bX5GZ2rdQf3nO1L9u2WZA.2","action":"ProcessGetUpdates", "result":"Done", "context":{"dataType":"Autofill", "deleted":"0", "process_failed_to_decrypt":"0", "process_pending_decryption":"0", "process_success":"27", "total":"27"}}
{"logTime": "0803/182949", "correlationVector":"+bX5GZ2rdQf3nO1L9u2WZA.3","action":"ProcessGetUpdates", "result":"Done", "context":{"dataType":"Sessions", "deleted":"223", "process_failed_to_decrypt":"0", "process_pending_decryption":"0", "process_success":"223", "total":"223"}}
{"logTime": "0803/182949", "correlationVector":"+bX5GZ2rdQf3nO1L9u2WZA.4","action":"GetUpdates Response", "result":"Success", "context":Received 250 update(s). cV=+bX5GZ2rdQf3nO1L9u2WZA.0;server=akswtt11600001h;cloudType=Consumer;environment=Prod_eastus2_prod-s01-050-nam-eastus2;migrationStage=NotStarted Some updates remain.}
{"logTime": "0803/182949", "correlationVector":"Cbujw0TyRPs2Tl1LDHkBbM","action":"Initial GetUpdates", "result":"", "context":Reason: NEWLY_SUPPORTED_DATATYPE. cV=Cbujw0TyRPs2Tl1LDHkBbM}
{"logTime": "0803/182949", "correlationVector":"Cbujw0TyRPs2Tl1LDHkBbM.1","action":"SyncServerConnectionManagerRequest", "result":"SYNC_SERVER_OK", "context":{"environment":"Prod_eastus2_prod-s01-050-nam-eastus2", "migrationStage":"NotStarted", "server":"akswtt11600001u"}}
{"logTime": "0803/182949", "correlationVector":"Cbujw0TyRPs2Tl1LDHkBbM.2","action":"ProcessGetUpdates", "result":"Done", "context":{"dataType":"Autofill Profiles", "deleted":"0", "process_failed_to_decrypt":"0", "process_pending_decryption":"0", "process_success":"1", "total":"1"}}
{"logTime": "0803/182949", "correlationVector":"Cbujw0TyRPs2Tl1LDHkBbM.3","action":"ProcessGetUpdates", "result":"Done", "context":{"dataType":"Autofill", "deleted":"0", "process_failed_to_decrypt":"0", "process_pending_decryption":"0", "process_success":"25", "total":"25"}}
{"logTime": "0803/182949", "correlationVector":"Cbujw0TyRPs2Tl1LDHkBbM.4","action":"ProcessGetUpdates", "result":"Done", "context":{"dataType":"Sessions", "deleted":"224", "process_failed_to_decrypt":"0", "process_pending_decryption":"0", "process_success":"224", "total":"224"}}
{"logTime": "0803/182949", "correlationVector":"Cbujw0TyRPs2Tl1LDHkBbM.5","action":"GetUpdates Response", "result":"Success", "context":Received 250 update(s). cV=Cbujw0TyRPs2Tl1LDHkBbM.0;server=akswtt11600001u;cloudType=Consumer;environment=Prod_eastus2_prod-s01-050-nam-eastus2;migrationStage=NotStarted Some updates remain.}
{"logTime": "0803/182949", "correlationVector":"GpZIcyWXYSONvJfXKfBhyh","action":"Initial GetUpdates", "result":"", "context":Reason: NEWLY_SUPPORTED_DATATYPE. cV=GpZIcyWXYSONvJfXKfBhyh}
{"logTime": "0803/182950", "correlationVector":"GpZIcyWXYSONvJfXKfBhyh.1","action":"SyncServerConnectionManagerRequest", "result":"SYNC_SERVER_OK", "context":{"environment":"Prod_eastus2_prod-s01-050-nam-eastus2", "migrationStage":"NotStarted", "server":"akswtt11600001r"}}
{"logTime": "0803/182950", "correlationVector":"GpZIcyWXYSONvJfXKfBhyh.2","action":"ProcessGetUpdates", "result":"Done", "context":{"dataType":"Preferences", "deleted":"0", "process_failed_to_decrypt":"0", "process_pending_decryption":"0", "process_success":"1", "total":"1"}}
{"logTime": "0803/182950", "correlationVector":"GpZIcyWXYSONvJfXKfBhyh.3","action":"ProcessGetUpdates", "result":"Done", "context":{"dataType":"Autofill", "deleted":"0", "process_failed_to_decrypt":"0", "process_pending_decryption":"0", "process_success":"26", "total":"26"}}
{"logTime": "0803/182950", "correlationVector":"GpZIcyWXYSONvJfXKfBhyh.4","action":"ProcessGetUpdates", "result":"Done", "context":{"dataType":"Sessions", "deleted":"222", "process_failed_to_decrypt":"0", "process_pending_decryption":"0", "process_success":"222", "total":"222"}}
{"logTime": "0803/182950", "correlationVector":"GpZIcyWXYSONvJfXKfBhyh.5","action":"ProcessGetUpdates", "result":"Done", "context":{"dataType":"WebAuthn Credentials", "deleted":"0", "process_failed_to_decrypt":"0", "process_pending_decryption":"0", "process_success":"1", "total":"1"}}
{"logTime": "0803/182950", "correlationVector":"GpZIcyWXYSONvJfXKfBhyh.6","action":"GetUpdates Response", "result":"Success", "context":Received 250 update(s). cV=GpZIcyWXYSONvJfXKfBhyh.0;server=akswtt11600001r;cloudType=Consumer;environment=Prod_eastus2_prod-s01-050-nam-eastus2;migrationStage=NotStarted Some updates remain.}
{"logTime": "0803/182950", "correlationVector":"F0iL1qUAbDlUAbfgpBx111","action":"Initial GetUpdates", "result":"", "context":Reason: NEWLY_SUPPORTED_DATATYPE. cV=F0iL1qUAbDlUAbfgpBx111}
