{"logTime": "0803/183735", "correlationVector":"6SdqP9CuFXGWRW9F13U1pr.1","action":"SyncServerConnectionManagerRequest", "result":"SYNC_SERVER_OK", "context":{"environment":"Prod_eastus_prod-s01-056-nam-eastus", "migrationStage":"NotStarted", "server":"akswtt116000005"}}
{"logTime": "0803/183735", "correlationVector":"6SdqP9CuFXGWRW9F13U1pr.2","action":"ProcessGetUpdates", "result":"Done", "context":{"dataType":"Encryption Keys", "deleted":"0", "process_failed_to_decrypt":"0", "process_pending_decryption":"0", "process_success":"1", "total":"1"}}
{"logTime": "0803/183736", "correlationVector":"vqvyofOolmxn8gTjRETeYd","action":"SyncServerConnectionManagerRequest", "result":"SYNC_SERVER_OK", "context":{"environment":"", "migrationStage":"", "server":""}}
{"logTime": "0803/183736", "correlationVector":"vqvyofOolmxn8gTjRETeYd.0","action":"EncryptionKeysFetcher.DownloadKeys:", "result":"Success", "context":Key count: 4, Last key timestamp: 2026-04-06T04:49:12Z}
{"logTime": "0803/183736", "correlationVector":"vqvyofOolmxn8gTjRETeYd.1","action":"EncryptionKeysManager::SetEncryptionKeys:", "result":"Success", "context":Key names[4]:[WlPI7jme4socEoxv69ivXBiASejPONVYqNoH22QuFeFJewIw7A8WVsECWKwIkNpe7zs09u/b5jaBGk8AObqpDw==][bFRteqdpnwr5Pjzh3UhixjVhTYZrs0+o04xfVXyE51QytZG2DT0Eju1sFF1FbE8BHoTfPkAJQzfsMbJCTAHzAg==][IpB9zpXi0RHB8N20UoQ1OY+IQ0ph7SV3N69FSlK4dkVT/F7HPCCsy8BFEOB8ToQ5HJCXTKJuSB11gHUrcKPPmQ==][9FcnA2aswFsKdndZLxZRP5fooDBJGGFxhUuW++gCTw8Tk/a2R4BIj7HQkoRnQi/jxOXlY6y8XdWOGg2syN+EbQ==]}
{"logTime": "0803/183736", "correlationVector":"vqvyofOolmxn8gTjRETeYd.2","action":"EncryptionKeysManager::SetEncryptionKeysWithTimestamps:", "result":"Success", "context":Key timestamps[4]:[2023-10-27T01:59:38Z][2024-04-25T06:50:47Z][2025-09-12T16:53:54Z][2026-04-06T04:49:12Z]}
{"logTime": "0803/183736", "correlationVector":"6SdqP9CuFXGWRW9F13U1pr","action":"Initial GetUpdates", "result":"", "context":Reason: NEW_CLIENT. cV=6SdqP9CuFXGWRW9F13U1pr}
{"logTime": "0803/183736", "correlationVector":"6SdqP9CuFXGWRW9F13U1pr.3","action":"GetUpdates Response", "result":"Success", "context":Received 1 update(s). cV=6SdqP9CuFXGWRW9F13U1pr.0;server=akswtt116000005;cloudType=Consumer;environment=Prod_eastus_prod-s01-056-nam-eastus;migrationStage=NotStarted}
{"logTime": "0803/183736", "correlationVector":"qo2d+DDBxI6KBdVQrjv0IK","action":"Initial GetUpdates", "result":"", "context":Reason: NEWLY_SUPPORTED_DATATYPE. cV=qo2d+DDBxI6KBdVQrjv0IK}
{"logTime": "0803/183736", "correlationVector":"qo2d+DDBxI6KBdVQrjv0IK.1","action":"SyncServerConnectionManagerRequest", "result":"SYNC_SERVER_OK", "context":{"environment":"Prod_eastus2_prod-s01-050-nam-eastus2", "migrationStage":"NotStarted", "server":"akswtt116000013"}}
{"logTime": "0803/183736", "correlationVector":"qo2d+DDBxI6KBdVQrjv0IK.2","action":"ProcessGetUpdates", "result":"Done", "context":{"dataType":"Passwords", "deleted":"8", "process_failed_to_decrypt":"0", "process_pending_decryption":"0", "process_success":"83", "total":"83"}}
{"logTime": "0803/183736", "correlationVector":"qo2d+DDBxI6KBdVQrjv0IK.3","action":"ProcessGetUpdates", "result":"Done", "context":{"dataType":"Device Info", "deleted":"0", "process_failed_to_decrypt":"0", "process_pending_decryption":"0", "process_success":"2", "total":"2"}}
{"logTime": "0803/183736", "correlationVector":"qo2d+DDBxI6KBdVQrjv0IK.4","action":"GetUpdates Response", "result":"Success", "context":Received 85 update(s). cV=qo2d+DDBxI6KBdVQrjv0IK.0;server=akswtt116000013;cloudType=Consumer;environment=Prod_eastus2_prod-s01-050-nam-eastus2;migrationStage=NotStarted}
{"logTime": "0803/183736", "correlationVector":"3XNpClvaBf2IXrL51TE6DW","action":"Initial GetUpdates", "result":"", "context":Reason: NEWLY_SUPPORTED_DATATYPE. cV=3XNpClvaBf2IXrL51TE6DW}
{"logTime": "0803/183737", "correlationVector":"3XNpClvaBf2IXrL51TE6DW.1","action":"SyncServerConnectionManagerRequest", "result":"SYNC_SERVER_OK", "context":{"environment":"Prod_eastus2_prod-s01-050-nam-eastus2", "migrationStage":"NotStarted", "server":"akswtt11600000b"}}
{"logTime": "0803/183737", "correlationVector":"3XNpClvaBf2IXrL51TE6DW.2","action":"ProcessGetUpdates", "result":"Done", "context":{"dataType":"Bookmarks", "deleted":"2", "process_failed_to_decrypt":"0", "process_pending_decryption":"0", "process_success":"45", "total":"45"}}
{"logTime": "0803/183737", "correlationVector":"3XNpClvaBf2IXrL51TE6DW.3","action":"ProcessGetUpdates", "result":"Done", "context":{"dataType":"Preferences", "deleted":"0", "process_failed_to_decrypt":"0", "process_pending_decryption":"0", "process_success":"54", "total":"54"}}
{"logTime": "0803/183737", "correlationVector":"3XNpClvaBf2IXrL51TE6DW.4","action":"ProcessGetUpdates", "result":"Done", "context":{"dataType":"Autofill", "deleted":"0", "process_failed_to_decrypt":"0", "process_pending_decryption":"0", "process_success":"151", "total":"151"}}
{"logTime": "0803/183737", "correlationVector":"3XNpClvaBf2IXrL51TE6DW.5","action":"GetUpdates Response", "result":"Success", "context":Received 250 update(s). cV=3XNpClvaBf2IXrL51TE6DW.0;server=akswtt11600000b;cloudType=Consumer;environment=Prod_eastus2_prod-s01-050-nam-eastus2;migrationStage=NotStarted Some updates remain.}
{"logTime": "0803/183737", "correlationVector":"P+/r4Eycez7b8PlyKJs1Gq","action":"Initial GetUpdates", "result":"", "context":Reason: NEWLY_SUPPORTED_DATATYPE. cV=P+/r4Eycez7b8PlyKJs1Gq}
{"logTime": "0803/183738", "correlationVector":"P+/r4Eycez7b8PlyKJs1Gq.1","action":"SyncServerConnectionManagerRequest", "result":"SYNC_SERVER_OK", "context":{"environment":"Prod_eastus2_prod-s01-050-nam-eastus2", "migrationStage":"NotStarted", "server":"akswtt11600002h"}}
{"logTime": "0803/183738", "correlationVector":"P+/r4Eycez7b8PlyKJs1Gq.2","action":"ProcessGetUpdates", "result":"Done", "context":{"dataType":"Bookmarks", "deleted":"2", "process_failed_to_decrypt":"0", "process_pending_decryption":"0", "process_success":"60", "total":"60"}}
{"logTime": "0803/183738", "correlationVector":"P+/r4Eycez7b8PlyKJs1Gq.3","action":"ProcessGetUpdates", "result":"Done", "context":{"dataType":"Preferences", "deleted":"0", "process_failed_to_decrypt":"0", "process_pending_decryption":"0", "process_success":"11", "total":"11"}}
{"logTime": "0803/183738", "correlationVector":"P+/r4Eycez7b8PlyKJs1Gq.4","action":"ProcessGetUpdates", "result":"Done", "context":{"dataType":"Autofill Profiles", "deleted":"0", "process_failed_to_decrypt":"0", "process_pending_decryption":"0", "process_success":"3", "total":"3"}}
{"logTime": "0803/183738", "correlationVector":"P+/r4Eycez7b8PlyKJs1Gq.5","action":"ProcessGetUpdates", "result":"Done", "context":{"dataType":"Autofill", "deleted":"0", "process_failed_to_decrypt":"0", "process_pending_decryption":"0", "process_success":"174", "total":"174"}}
{"logTime": "0803/183738", "correlationVector":"P+/r4Eycez7b8PlyKJs1Gq.6","action":"ProcessGetUpdates", "result":"Done", "context":{"dataType":"Web Apps", "deleted":"0", "process_failed_to_decrypt":"0", "process_pending_decryption":"0", "process_success":"2", "total":"2"}}
{"logTime": "0803/183738", "correlationVector":"P+/r4Eycez7b8PlyKJs1Gq.7","action":"GetUpdates Response", "result":"Success", "context":Received 250 update(s). cV=P+/r4Eycez7b8PlyKJs1Gq.0;server=akswtt11600002h;cloudType=Consumer;environment=Prod_eastus2_prod-s01-050-nam-eastus2;migrationStage=NotStarted Some updates remain.}
{"logTime": "0803/183738", "correlationVector":"HycjDOfyvdoSwRvvZbdYf8","action":"Initial GetUpdates", "result":"", "context":Reason: NEWLY_SUPPORTED_DATATYPE. cV=HycjDOfyvdoSwRvvZbdYf8}
{"logTime": "0803/183738", "correlationVector":"HycjDOfyvdoSwRvvZbdYf8.1","action":"SyncServerConnectionManagerRequest", "result":"SYNC_SERVER_OK", "context":{"environment":"Prod_eastus2_prod-s01-050-nam-eastus2", "migrationStage":"NotStarted", "server":"akswtt116000037"}}
{"logTime": "0803/183738", "correlationVector":"HycjDOfyvdoSwRvvZbdYf8.2","action":"ProcessGetUpdates", "result":"Done", "context":{"dataType":"Autofill", "deleted":"0", "process_failed_to_decrypt":"0", "process_pending_decryption":"0", "process_success":"250", "total":"250"}}
{"logTime": "0803/183738", "correlationVector":"HycjDOfyvdoSwRvvZbdYf8.3","action":"GetUpdates Response", "result":"Success", "context":Received 250 update(s). cV=HycjDOfyvdoSwRvvZbdYf8.0;server=akswtt116000037;cloudType=Consumer;environment=Prod_eastus2_prod-s01-050-nam-eastus2;migrationStage=NotStarted Some updates remain.}
{"logTime": "0803/183738", "correlationVector":"aBnRwEmsCiWJPs0VpNsM7H","action":"Initial GetUpdates", "result":"", "context":Reason: NEWLY_SUPPORTED_DATATYPE. cV=aBnRwEmsCiWJPs0VpNsM7H}
{"logTime": "0803/183739", "correlationVector":"aBnRwEmsCiWJPs0VpNsM7H.1","action":"SyncServerConnectionManagerRequest", "result":"SYNC_SERVER_OK", "context":{"environment":"Prod_eastus_prod-s01-056-nam-eastus", "migrationStage":"NotStarted", "server":"akswtt116000004"}}
{"logTime": "0803/183739", "correlationVector":"aBnRwEmsCiWJPs0VpNsM7H.2","action":"ProcessGetUpdates", "result":"Done", "context":{"dataType":"Bookmarks", "deleted":"0", "process_failed_to_decrypt":"0", "process_pending_decryption":"0", "process_success":"12", "total":"12"}}
{"logTime": "0803/183739", "correlationVector":"aBnRwEmsCiWJPs0VpNsM7H.3","action":"ProcessGetUpdates", "result":"Done", "context":{"dataType":"Preferences", "deleted":"0", "process_failed_to_decrypt":"0", "process_pending_decryption":"0", "process_success":"6", "total":"6"}}
{"logTime": "0803/183739", "correlationVector":"aBnRwEmsCiWJPs0VpNsM7H.4","action":"ProcessGetUpdates", "result":"Done", "context":{"dataType":"Autofill", "deleted":"0", "process_failed_to_decrypt":"0", "process_pending_decryption":"0", "process_success":"132", "total":"132"}}
{"logTime": "0803/183739", "correlationVector":"aBnRwEmsCiWJPs0VpNsM7H.5","action":"ProcessGetUpdates", "result":"Done", "context":{"dataType":"Sessions", "deleted":"98", "process_failed_to_decrypt":"0", "process_pending_decryption":"0", "process_success":"98", "total":"98"}}
{"logTime": "0803/183739", "correlationVector":"aBnRwEmsCiWJPs0VpNsM7H.6","action":"ProcessGetUpdates", "result":"Done", "context":{"dataType":"Saved Tab Group", "deleted":"2", "process_failed_to_decrypt":"0", "process_pending_decryption":"0", "process_success":"2", "total":"2"}}
{"logTime": "0803/183739", "correlationVector":"aBnRwEmsCiWJPs0VpNsM7H.7","action":"GetUpdates Response", "result":"Success", "context":Received 250 update(s). cV=aBnRwEmsCiWJPs0VpNsM7H.0;server=akswtt116000004;cloudType=Consumer;environment=Prod_eastus_prod-s01-056-nam-eastus;migrationStage=NotStarted Some updates remain.}
{"logTime": "0803/183739", "correlationVector":"gv7E3TCK9LpN4wLNzjOvB5","action":"Initial GetUpdates", "result":"", "context":Reason: NEWLY_SUPPORTED_DATATYPE. cV=gv7E3TCK9LpN4wLNzjOvB5}
